// Jest Snapshot v1, https://goo.gl/fbAQLP

exports[`DeleteQuestion renders correctly 1`] = `
<dialog-stub
  agree="function () { [native code] }"
  agreename="Confirm"
  disagree="function () { [native code] }"
  disagreename="Cancel"
  maxwidth="390"
  text="Are you sure you want to delete test1 question?"
  title="Confirm delete"
/>
`;
