// Jest Snapshot v1, https://goo.gl/fbAQLP

exports[`QuestionForm renders correctly 1`] = `
<formwrapper-stub>
  <form
    novalidate="novalidate"
  >
    <inputwrapper-stub>
      <select-stub
        options="[object Object],[object Object]"
        placeholder="Select placeholder"
        value=""
      />
       
      <!---->
    </inputwrapper-stub>
     
    <inputwrapper-stub>
      <styledtextinput-stub
        name="questionText"
        placeholder="Type your question"
        required=""
        type="text"
        value=""
      />
       
      <!---->
    </inputwrapper-stub>
     
    <inputwrapper-stub>
      <styledtextarea-stub
        name="answer"
        placeholder="Type your answer"
        required=""
        value=""
      />
       
      <!---->
    </inputwrapper-stub>
     
    <styledtextinput-stub
      name="questionValue"
      type="text"
      value=""
    />
     
    <controlgroup-stub>
      <styledbutton-stub
        secondary="true"
        type="reset"
      >
        Cancel
      </styledbutton-stub>
       
      <styledbutton-stub
        type="submit"
      >
        Save
      </styledbutton-stub>
    </controlgroup-stub>
  </form>
</formwrapper-stub>
`;
