// Jest Snapshot v1, https://goo.gl/fbAQLP

exports[`QuestionForm renders correctly 1`] = `
<formwrapper-stub>
  <form
    novalidate="novalidate"
  >
    <inputswitcherwrapper-stub>
      <styledswitcherbutton-stub
        active="true"
      >
        Static
      </styledswitcherbutton-stub>
       
      <styledswitcherbutton-stub>
        Dynamic
      </styledswitcherbutton-stub>
    </inputswitcherwrapper-stub>
     
    <!---->
     
    <inputwrapper-stub>
      <styledtextinput-stub
        id="question-text-input"
        name="questionText"
        placeholder="Type your question"
        required=""
        type="text"
        value=""
      />
       
      <!---->
       
      <!---->
    </inputwrapper-stub>
     
    <inputwrapper-stub>
      <textarea
        class="formTextArea"
        id="question-answer-input"
        name="answer"
        placeholder="Type your answer"
        required="required"
      />
       
      <!---->
       
      <!---->
    </inputwrapper-stub>
     
    <inputwrapper-stub>
      <styledtextinput-stub
        id="question-value-input"
        name="questionValue"
        placeholder="Enter question value (points)"
        type="text"
        value="0"
      />
       
      <!---->
    </inputwrapper-stub>
     
    <controlgroup-stub>
      <styledbutton-stub
        id="question-cancel-button"
        secondary="true"
        type="reset"
      >
        
        Cancel
      
      </styledbutton-stub>
       
      <styledbutton-stub
        id="question-save-button"
        type="submit"
      >
        Edit question
      </styledbutton-stub>
    </controlgroup-stub>
  </form>
</formwrapper-stub>
`;
